// Vitest Snapshot v1, https://vitest.dev/guide/snapshot.html

exports[`App > should render correctly 1`] = `
<DocumentFragment>
 # the CSS classes should be defined here
 # for example
 .sc-braxZu {
  padding: 20px;
 }
  <div>
    <a
      href="https://vitejs.dev"
      target="_blank"
    >
      <img
        alt="Vite logo"
        class="logo"
        src="/vite.svg"
      />
    </a>
    <a
      href="https://react.dev"
      target="_blank"
    >
      <img
        alt="React logo"
        class="logo react"
        src="/src/assets/react.svg"
      />
    </a>
  </div>
  <h1>
    Vite + React
  </h1>
  <div
    class="card"
  >
    <button>
      count is 0
    </button>
    <p>
      Edit 
      <code>
        src/App.tsx
      </code>
       and save to test HMR
    </p>
  </div>
  <p
    class="read-the-docs"
  >
    Click on the Vite and React logos to learn more
  </p>
  <button
    # this CSS class should be defined on top
    class="sc-braxZu iJqifC"
  >
    Test Button
  </button>
</DocumentFragment>
`;
